മലയാളം.pdf
മലയാള�.pdf
